=== ECE eval sequence started at Tue Jun  9 15:23:09 IST 2026 ===
[1/3] Phase 3 final ECE...
/home/CL502-31/Desktop/Ranveer_RL/eval/eval_calibration.py:117: UserWarning: WARNING: Unsloth should be imported before transformers to ensure all optimizations are applied. Your code may run slower or encounter memory issues without these optimizations.

Please restructure your imports with 'import unsloth' at the top of your file.
  from unsloth import FastLanguageModel
phase3 done at Wed Jun 10 04:08:39 IST 2026
[2/3] Phase 2 v3 ECE...
/home/CL502-31/Desktop/Ranveer_RL/eval/eval_calibration.py:117: UserWarning: WARNING: Unsloth should be imported before transformers to ensure all optimizations are applied. Your code may run slower or encounter memory issues without these optimizations.

Please restructure your imports with 'import unsloth' at the top of your file.
  from unsloth import FastLanguageModel
=== ECE eval restart at Wednesday 10 June 2026 03:23:11 PM IST ===
[1/2] Phase 2 v3 ECE...
/home/CL502-31/Desktop/Ranveer_RL/eval/eval_calibration.py:117: UserWarning: WARNING: Unsloth should be imported before transformers to ensure all optimizations are applied. Your code may run slower or encounter memory issues without these optimizations.

Please restructure your imports with 'import unsloth' at the top of your file.
  from unsloth import FastLanguageModel
phase2 done at Thursday 11 June 2026 04:07:13 AM IST
[2/2] Base model ECE...
/home/CL502-31/Desktop/Ranveer_RL/eval/eval_calibration.py:117: UserWarning: WARNING: Unsloth should be imported before transformers to ensure all optimizations are applied. Your code may run slower or encounter memory issues without these optimizations.

Please restructure your imports with 'import unsloth' at the top of your file.
  from unsloth import FastLanguageModel
base done at Thursday 11 June 2026 01:21:08 PM IST
=== ECE eval sequence finished at Thursday 11 June 2026 01:21:08 PM IST ===
